[    0.000000] Initializing cgroup subsys cpuset
[    0.000000] Initializing cgroup subsys cpu
[    0.000000] Initializing cgroup subsys cpuacct
[    0.000000] Linux version 4.4.0-173-generic (buildd@lgw01-amd64-037) (gcc version 5.4.0 20160609 (Ubuntu 5.4.0-6ubuntu1~16.04.12) ) #203-Ubuntu SMP Wed Jan 15 02:55:01 UTC 2020 (Ubuntu 4.4.0-173.203-generic 4.4.208)
[    0.000000] Command line: BOOT_IMAGE=/boot/vmlinuz-4.4.0-173-generic root=LABEL=cloudimg-rootfs ro console=tty1 console=ttyS0
[    0.000000] KERNEL supported cpus:
[    0.000000]   Intel GenuineIntel
[    0.000000]   AMD AuthenticAMD
[    0.000000]   Centaur CentaurHauls
[    0.000000] x86/fpu: xstate_offset[2]:  576, xstate_sizes[2]:  256
[    0.000000] x86/fpu: Supporting XSAVE feature 0x01: 'x87 floating point registers'
[    0.000000] x86/fpu: Supporting XSAVE feature 0x02: 'SSE registers'
[    0.000000] x86/fpu: Supporting XSAVE feature 0x04: 'AVX registers'
[    0.000000] x86/fpu: Enabled xstate features 0x7, context size is 832 bytes, using 'standard' format.
[    0.000000] e820: BIOS-provided physical RAM map:
[    0.000000] BIOS-e820: [mem 0x0000000000000000-0x000000000009fbff] usable
[    0.000000] BIOS-e820: [mem 0x000000000009fc00-0x000000000009ffff] reserved
[    0.000000] BIOS-e820: [mem 0x00000000000f0000-0x00000000000fffff] reserved
[    0.000000] BIOS-e820: [mem 0x0000000000100000-0x000000003ffeffff] usable
[    0.000000] BIOS-e820: [mem 0x000000003fff0000-0x000000003fffffff] ACPI data
[    0.000000] BIOS-e820: [mem 0x00000000fec00000-0x00000000fec00fff] reserved
[    0.000000] BIOS-e820: [mem 0x00000000fee00000-0x00000000fee00fff] reserved
[    0.000000] BIOS-e820: [mem 0x00000000fffc0000-0x00000000ffffffff] reserved
[    0.000000] NX (Execute Disable) protection: active
[    0.000000] SMBIOS 2.5 present.
[    0.000000] Hypervisor detected: KVM
[    0.000000] e820: last_pfn = 0x3fff0 max_arch_pfn = 0x400000000
[    0.000000] MTRR: Disabled
[    0.000000] x86/PAT: MTRRs disabled, skipping PAT initialization too.
[    0.000000] CPU MTRRs all blank - virtualized system.
[    0.000000] x86/PAT: Configuration [0-7]: WB  WT  UC- UC  WB  WT  UC- UC  
[    0.000000] found SMP MP-table at [mem 0x0009fff0-0x0009ffff] mapped at [ffff88000009fff0]
[    0.000000] Scanning 1 areas for low memory corruption
[    0.000000] RAMDISK: [mem 0x362e4000-0x37169fff]
[    0.000000] ACPI: Early table checksum verification disabled
[    0.000000] ACPI: RSDP 0x00000000000E0000 000024 (v02 VBOX  )
[    0.000000] ACPI: XSDT 0x000000003FFF0030 00003C (v01 VBOX   VBOXXSDT 00000001 ASL  00000061)
[    0.000000] ACPI: FACP 0x000000003FFF00F0 0000F4 (v04 VBOX   VBOXFACP 00000001 ASL  00000061)
[    0.000000] ACPI: DSDT 0x000000003FFF0470 002325 (v02 VBOX   VBOXBIOS 00000002 INTL 20100528)
[    0.000000] ACPI: FACS 0x000000003FFF0200 000040
[    0.000000] ACPI: FACS 0x000000003FFF0200 000040
[    0.000000] ACPI: APIC 0x000000003FFF0240 00005C (v02 VBOX   VBOXAPIC 00000001 ASL  00000061)
[    0.000000] ACPI: SSDT 0x000000003FFF02A0 0001CC (v01 VBOX   VBOXCPUT 00000002 INTL 20100528)
[    0.000000] No NUMA configuration found
[    0.000000] Faking a node at [mem 0x0000000000000000-0x000000003ffeffff]
[    0.000000] NODE_DATA(0) allocated [mem 0x3ffeb000-0x3ffeffff]
[    0.000000] kvm-clock: Using msrs 4b564d01 and 4b564d00
[    0.000000] kvm-clock: cpu 0, msr 0:3ffe3001, primary cpu clock
[    0.000000] kvm-clock: using sched offset of 4890994871 cycles
[    0.000000] clocksource: kvm-clock: mask: 0xffffffffffffffff max_cycles: 0x1cd42e4dffb, max_idle_ns: 881590591483 ns
[    0.000000] Zone ranges:
[    0.000000]   DMA      [mem 0x0000000000001000-0x0000000000ffffff]
[    0.000000]   DMA32    [mem 0x0000000001000000-0x000000003ffeffff]
[    0.000000]   Normal   empty
[    0.000000]   Device   empty
[    0.000000] Movable zone start for each node
[    0.000000] Early memory node ranges
[    0.000000]   node   0: [mem 0x0000000000001000-0x000000000009efff]
[    0.000000]   node   0: [mem 0x0000000000100000-0x000000003ffeffff]
[    0.000000] Initmem setup node 0 [mem 0x0000000000001000-0x000000003ffeffff]
[    0.000000] ACPI: PM-Timer IO Port: 0x4008
[    0.000000] IOAPIC[0]: apic_id 2, version 32, address 0xfec00000, GSI 0-23
[    0.000000] ACPI: INT_SRC_OVR (bus 0 bus_irq 0 global_irq 2 dfl dfl)
[    0.000000] ACPI: INT_SRC_OVR (bus 0 bus_irq 9 global_irq 9 low level)
[    0.000000] Using ACPI (MADT) for SMP configuration information
[    0.000000] smpboot: Allowing 2 CPUs, 0 hotplug CPUs
[    0.000000] PM: Registered nosave memory: [mem 0x00000000-0x00000fff]
[    0.000000] PM: Registered nosave memory: [mem 0x0009f000-0x0009ffff]
[    0.000000] PM: Registered nosave memory: [mem 0x000a0000-0x000effff]
[    0.000000] PM: Registered nosave memory: [mem 0x000f0000-0x000fffff]
[    0.000000] e820: [mem 0x40000000-0xfebfffff] available for PCI devices
[    0.000000] Booting paravirtualized kernel on KVM
[    0.000000] clocksource: refined-jiffies: mask: 0xffffffff max_cycles: 0xffffffff, max_idle_ns: 7645519600211568 ns
[    0.000000] setup_percpu: NR_CPUS:512 nr_cpumask_bits:512 nr_cpu_ids:2 nr_node_ids:1
[    0.000000] PERCPU: Embedded 33 pages/cpu @ffff88003fc00000 s95448 r8192 d31528 u1048576
[    0.000000] Built 1 zonelists in Node order, mobility grouping on.  Total pages: 257912
[    0.000000] Policy zone: DMA32
[    0.000000] Kernel command line: BOOT_IMAGE=/boot/vmlinuz-4.4.0-173-generic root=LABEL=cloudimg-rootfs ro console=tty1 console=ttyS0
[    0.000000] PID hash table entries: 4096 (order: 3, 32768 bytes)
[    0.000000] Memory: 997680K/1048120K available (8626K kernel code, 1336K rwdata, 4032K rodata, 1488K init, 1292K bss, 50440K reserved, 0K cma-reserved)
[    0.000000] SLUB: HWalign=64, Order=0-3, MinObjects=0, CPUs=2, Nodes=1
[    0.000000] Kernel/User page tables isolation: enabled
[    0.000000] Hierarchical RCU implementation.
[    0.000000] 	Build-time adjustment of leaf fanout to 64.
[    0.000000] 	RCU restricting CPUs from NR_CPUS=512 to nr_cpu_ids=2.
[    0.000000] RCU: Adjusting geometry for rcu_fanout_leaf=64, nr_cpu_ids=2
[    0.000000] NR_IRQS:33024 nr_irqs:440 16
[    0.000000] Console: colour VGA+ 80x25
[    0.000000] console [tty1] enabled
[    0.000000] console [ttyS0] enabled
[    0.000000] tsc: Detected 2394.458 MHz processor
[    0.415796] Calibrating delay loop (skipped) preset value.. 4788.91 BogoMIPS (lpj=9577832)
[    0.419750] pid_max: default: 32768 minimum: 301
[    0.421818] ACPI: Core revision 20150930
[    0.429290] ACPI: 2 ACPI AML tables successfully acquired and loaded
[    0.432242] Security Framework initialized
[    0.434151] Yama: becoming mindful.
[    0.435985] AppArmor: AppArmor initialized
[    0.438140] Dentry cache hash table entries: 131072 (order: 8, 1048576 bytes)
[    0.447274] Inode-cache hash table entries: 65536 (order: 7, 524288 bytes)
[    0.451529] Mount-cache hash table entries: 2048 (order: 2, 16384 bytes)
[    0.455187] Mountpoint-cache hash table entries: 2048 (order: 2, 16384 bytes)
[    0.461467] Initializing cgroup subsys io
[    0.466646] Initializing cgroup subsys memory
[    0.469198] Initializing cgroup subsys devices
[    0.471878] Initializing cgroup subsys freezer
[    0.475957] Initializing cgroup subsys net_cls
[    0.477949] Initializing cgroup subsys perf_event
[    0.480549] Initializing cgroup subsys net_prio
[    0.483333] Initializing cgroup subsys hugetlb
[    0.485965] Initializing cgroup subsys pids
[    0.489822] mce: CPU supports 0 MCE banks
[    0.493747] Last level iTLB entries: 4KB 64, 2MB 8, 4MB 8
[    0.496506] Last level dTLB entries: 4KB 64, 2MB 0, 4MB 0, 1GB 4
[    0.499251] Spectre V1 : Mitigation: usercopy/swapgs barriers and __user pointer sanitization
[    0.503121] Spectre V2 : Mitigation: Full generic retpoline
[    0.505428] Spectre V2 : Spectre v2 / SpectreRSB mitigation: Filling RSB on context switch
[    0.511281] Speculative Store Bypass: Vulnerable
[    0.518287] MDS: Vulnerable: Clear CPU buffers attempted, no microcode
[    0.529709] Freeing SMP alternatives memory: 36K
[    0.547864] ftrace: allocating 32304 entries in 127 pages
[    0.688142] smpboot: APIC(0) Converting physical 0 to logical package 0
[    0.691997] smpboot: Max logical packages: 1
[    0.695006] x2apic enabled
[    0.697236] Switched APIC routing to physical x2apic.
[    0.704072] ..TIMER: vector=0x30 apic1=0 pin1=2 apic2=-1 pin2=-1
[    0.815704] smpboot: CPU0: Intel(R) Core(TM) i7-5500U CPU @ 2.40GHz (family: 0x6, model: 0x3d, stepping: 0x4)
[    0.820379] Performance Events: unsupported p6 CPU model 61 no PMU driver, software events only.
[    0.845355] KVM setup paravirtual spinlock
[    0.848358] x86: Booting SMP configuration:
[    0.850609] .... node  #0, CPUs:      #1
[    0.852557] kvm-clock: cpu 1, msr 0:3ffe3041, secondary cpu clock
[    0.855824] mce: CPU supports 0 MCE banks
[    0.860900] x86: Booted up 1 node, 2 CPUs
[    0.865596] smpboot: Total of 2 processors activated (9577.83 BogoMIPS)
[    0.869459] devtmpfs: initialized
[    0.884965] evm: security.selinux
[    0.886751] evm: security.SMACK64
[    0.888530] evm: security.SMACK64EXEC
[    0.891606] evm: security.SMACK64TRANSMUTE
[    0.893744] evm: security.SMACK64MMAP
[    0.895630] evm: security.ima
[    0.897240] evm: security.capability
[    0.899526] clocksource: jiffies: mask: 0xffffffff max_cycles: 0xffffffff, max_idle_ns: 7645041785100000 ns
[    0.903981] futex hash table entries: 512 (order: 3, 32768 bytes)
[    0.907507] pinctrl core: initialized pinctrl subsystem
[    0.910474] RTC time: 11:36:30, date: 03/03/20
[    0.912948] NET: Registered protocol family 16
[    0.925644] cpuidle: using governor ladder
[    0.941561] cpuidle: using governor menu
[    0.945499] PCCT header not found.
[    0.947580] ACPI: bus type PCI registered
[    0.949688] acpiphp: ACPI Hot Plug PCI Controller Driver version: 0.5
[    0.952698] PCI: Using configuration type 1 for base access
[    0.970078] ACPI: Added _OSI(Module Device)
[    0.972228] ACPI: Added _OSI(Processor Device)
[    0.975326] ACPI: Added _OSI(3.0 _SCP Extensions)
[    0.978063] ACPI: Added _OSI(Processor Aggregator Device)
[    0.982656] ACPI: Executed 1 blocks of module-level executable AML code
[    0.993524] ACPI: Interpreter enabled
[    0.995441] ACPI: (supports S0 S5)
[    0.997258] ACPI: Using IOAPIC for interrupt routing
[    1.000025] PCI: Using host bridge windows from ACPI; if necessary, use "pci=nocrs" and report a bug
[    1.015907] ACPI: PCI Root Bridge [PCI0] (domain 0000 [bus 00-ff])
[    1.018574] acpi PNP0A03:00: _OSC: OS supports [ASPM ClockPM Segments MSI]
[    1.024515] acpi PNP0A03:00: _OSC: not requesting OS control; OS requires [ExtendedConfig ASPM ClockPM MSI]
[    1.029968] acpi PNP0A03:00: fail to add MMCONFIG information, can't access extended PCI configuration space under this bridge.
[    1.035700] PCI host bridge to bus 0000:00
[    1.037749] pci_bus 0000:00: root bus resource [io  0x0000-0x0cf7 window]
[    1.041806] pci_bus 0000:00: root bus resource [io  0x0d00-0xffff window]
[    1.044774] pci_bus 0000:00: root bus resource [mem 0x000a0000-0x000bffff window]
[    1.048432] pci_bus 0000:00: root bus resource [mem 0x40000000-0xfdffffff window]
[    1.052422] pci_bus 0000:00: root bus resource [bus 00-ff]
[    1.059519] pci 0000:00:01.1: legacy IDE quirk: reg 0x10: [io  0x01f0-0x01f7]
[    1.062654] pci 0000:00:01.1: legacy IDE quirk: reg 0x14: [io  0x03f6]
[    1.065473] pci 0000:00:01.1: legacy IDE quirk: reg 0x18: [io  0x0170-0x0177]
[    1.069272] pci 0000:00:01.1: legacy IDE quirk: reg 0x1c: [io  0x0376]
[    1.140474] pci 0000:00:07.0: quirk: [io  0x4000-0x403f] claimed by PIIX4 ACPI
[    1.144956] pci 0000:00:07.0: quirk: [io  0x4100-0x410f] claimed by PIIX4 SMB
[    1.162214] ACPI: PCI Interrupt Link [LNKA] (IRQs 5 9 10 *11)
[    1.166809] ACPI: PCI Interrupt Link [LNKB] (IRQs 5 9 *10 11)
[    1.170475] ACPI: PCI Interrupt Link [LNKC] (IRQs 5 *9 10 11)
[    1.175232] ACPI: PCI Interrupt Link [LNKD] (IRQs 5 9 10 *11)
[    1.178971] ACPI: Enabled 2 GPEs in block 00 to 07
[    1.185016] vgaarb: setting as boot device: PCI:0000:00:02.0
[    1.188107] vgaarb: device added: PCI:0000:00:02.0,decodes=io+mem,owns=io+mem,locks=none
[    1.193306] vgaarb: loaded
[    1.194922] vgaarb: bridge control possible 0000:00:02.0
[    1.197998] SCSI subsystem initialized
[    1.200086] ACPI: bus type USB registered
[    1.202113] usbcore: registered new interface driver usbfs
[    1.204543] usbcore: registered new interface driver hub
[    1.208042] usbcore: registered new device driver usb
[    1.210729] PCI: Using ACPI for IRQ routing
[    1.217488] NetLabel: Initializing
[    1.219245] NetLabel:  domain hash size = 128
[    1.221313] NetLabel:  protocols = UNLABELED CIPSOv4
[    1.224622] NetLabel:  unlabeled traffic allowed by default
[    1.227373] amd_nb: Cannot enumerate AMD northbridges
[    1.229726] clocksource: Switched to clocksource kvm-clock
[    1.258473] AppArmor: AppArmor Filesystem Enabled
[    1.260798] pnp: PnP ACPI init
[    1.266788] pnp: PnP ACPI: found 3 devices
[    1.282723] clocksource: acpi_pm: mask: 0xffffff max_cycles: 0xffffff, max_idle_ns: 2085701024 ns
[    1.287771] NET: Registered protocol family 2
[    1.290771] TCP established hash table entries: 8192 (order: 4, 65536 bytes)
[    1.294325] TCP bind hash table entries: 8192 (order: 5, 131072 bytes)
[    1.296996] TCP: Hash tables configured (established 8192 bind 8192)
[    1.299645] UDP hash table entries: 512 (order: 2, 16384 bytes)
[    1.302122] UDP-Lite hash table entries: 512 (order: 2, 16384 bytes)
[    1.304777] NET: Registered protocol family 1
[    1.307718] pci 0000:00:00.0: Limiting direct PCI/PCI transfers
[    1.310530] pci 0000:00:01.0: Activating ISA DMA hang workarounds
[    1.313283] Unpacking initramfs...
[    1.965565] Freeing initrd memory: 14872K
[    1.967963] RAPL PMU detected, API unit is 2^-32 Joules, 4 fixed counters 10737418240 ms ovfl timer
[    1.972148] hw unit of domain pp0-core 2^-0 Joules
[    1.975886] hw unit of domain package 2^-0 Joules
[    1.978094] hw unit of domain dram 2^-0 Joules
[    1.980242] hw unit of domain pp1-gpu 2^-0 Joules
[    1.982628] clocksource: tsc: mask: 0xffffffffffffffff max_cycles: 0x2283c44026a, max_idle_ns: 440795260713 ns
[    1.991003] platform rtc_cmos: registered platform RTC device (no PNP device found)
[    1.995179] Scanning for low memory corruption every 60 seconds
[    1.998319] audit: initializing netlink subsys (disabled)
[    2.000725] audit: type=2000 audit(1583235397.515:1): initialized
[    2.004007] Initialise system trusted keyring
[    2.007570] HugeTLB registered 2 MB page size, pre-allocated 0 pages
[    2.014007] zbud: loaded
[    2.016128] VFS: Disk quotas dquot_6.6.0
[    2.018124] VFS: Dquot-cache hash table entries: 512 (order 0, 4096 bytes)
[    2.021752] squashfs: version 4.0 (2009/01/31) Phillip Lougher
[    2.026290] fuse init (API version 7.23)
[    2.028499] Key type big_key registered
[    2.030458] Allocating IMA MOK and blacklist keyrings.
[    2.035047] Key type asymmetric registered
[    2.036991] Asymmetric key parser 'x509' registered
[    2.039586] Block layer SCSI generic (bsg) driver version 0.4 loaded (major 249)
[    2.043926] io scheduler noop registered
[    2.045888] io scheduler deadline registered (default)
[    2.048471] io scheduler cfq registered
[    2.050679] pci_hotplug: PCI Hot Plug PCI Core version: 0.5
[    2.053228] pciehp: PCI Express Hot Plug Controller Driver version: 0.4
[    2.058090] ACPI: AC Adapter [AC] (on-line)
[    2.060835] input: Power Button as /devices/LNXSYSTM:00/LNXPWRBN:00/input/input0
[    2.065669] ACPI: Power Button [PWRF]
[    2.068782] input: Sleep Button as /devices/LNXSYSTM:00/LNXSLPBN:00/input/input1
[    2.072821] ACPI: Sleep Button [SLPF]
[    2.077376] ACPI: Battery Slot [BAT0] (battery present)
[    2.080016] GHES: HEST is not enabled!
[    2.082561] Serial: 8250/16550 driver, 32 ports, IRQ sharing enabled
[    2.107051] 00:02: ttyS0 at I/O 0x3f8 (irq = 4, base_baud = 115200) is a 16550A
[    2.113947] Linux agpgart interface v0.103
[    2.118649] loop: module loaded
[    2.121714] scsi host0: ata_piix
[    2.124404] scsi host1: ata_piix
[    2.126496] ata1: PATA max UDMA/33 cmd 0x1f0 ctl 0x3f6 bmdma 0xd000 irq 14
[    2.129484] ata2: PATA max UDMA/33 cmd 0x170 ctl 0x376 bmdma 0xd008 irq 15
[    2.132773] libphy: Fixed MDIO Bus: probed
[    2.134884] tun: Universal TUN/TAP device driver, 1.6
[    2.137332] tun: (C) 1999-2004 Max Krasnyansky <maxk@qualcomm.com>
[    2.141094] PPP generic driver version 2.4.2
[    2.143839] ehci_hcd: USB 2.0 'Enhanced' Host Controller (EHCI) Driver
[    2.147844] ehci-pci: EHCI PCI platform driver
[    2.150680] ehci-platform: EHCI generic platform driver
[    2.153313] ohci_hcd: USB 1.1 'Open' Host Controller (OHCI) Driver
[    2.156774] ohci-pci: OHCI PCI platform driver
[    2.159794] ohci-platform: OHCI generic platform driver
[    2.162506] uhci_hcd: USB Universal Host Controller Interface driver
[    2.165311] i8042: PNP: PS/2 Controller [PNP0303:PS2K,PNP0f03:PS2M] at 0x60,0x64 irq 1,12
[    2.170035] serio: i8042 KBD port at 0x60,0x64 irq 1
[    2.172287] serio: i8042 AUX port at 0x60,0x64 irq 12
[    2.176268] mousedev: PS/2 mouse device common for all mice
[    2.179933] input: AT Translated Set 2 keyboard as /devices/platform/i8042/serio0/input/input2
[    2.185435] rtc_cmos rtc_cmos: rtc core: registered rtc_cmos as rtc0
[    2.188455] rtc_cmos rtc_cmos: alarms up to one day, 114 bytes nvram
[    2.192666] i2c /dev entries driver
[    2.194554] device-mapper: uevent: version 1.0.3
[    2.196893] device-mapper: ioctl: 4.34.0-ioctl (2015-10-28) initialised: dm-devel@redhat.com
[    2.200858] ledtrig-cpu: registered to indicate activity on CPUs
[    2.204268] NET: Registered protocol family 10
[    2.207349] NET: Registered protocol family 17
[    2.209676] Key type dns_resolver registered
[    2.212284] registered taskstats version 1
[    2.214273] Loading compiled-in X.509 certificates
[    2.217524] Loaded X.509 cert 'Build time autogenerated kernel key: 4e6a82653c7e3a258f066f23f1954299de63b157'
[    2.221961] zswap: loaded using pool lzo/zbud
[    2.230626] Key type trusted registered
[    2.238783] Key type encrypted registered
[    2.241827] AppArmor: AppArmor sha1 policy hashing enabled
[    2.244416] ima: No TPM chip found, activating TPM-bypass!
[    2.246772] ima: Allocated hash algorithm: sha1
[    2.248927] evm: HMAC attrs: 0x1
[    2.251246]   Magic number: 12:950:629
[    2.253261] rtc_cmos rtc_cmos: setting system clock to 2020-03-03 11:36:32 UTC (1583235392)
[    2.258210] BIOS EDD facility v0.16 2004-Jun-25, 0 devices found
[    2.261097] EDD information not available.
[    3.058376] Freeing unused kernel memory: 1488K
[    3.065963] Write protecting the kernel read-only data: 14336k
[    3.069762] Freeing unused kernel memory: 1604K
[    3.072660] Freeing unused kernel memory: 64K
Loading, please wait...
starting version 229
[    3.102319] random: systemd-udevd: uninitialized urandom read (16 bytes read, 5 bits of entropy available)
[    3.103608] random: udevadm: uninitialized urandom read (16 bytes read, 5 bits of entropy available)
[    3.103637] random: udevadm: uninitialized urandom read (16 bytes read, 5 bits of entropy available)
[    3.124563] random: systemd-udevd: uninitialized urandom read (16 bytes read, 5 bits of entropy available)
[    3.129826] random: udevadm: uninitialized urandom read (16 bytes read, 5 bits of entropy available)
[    3.129913] random: udevadm: uninitialized urandom read (16 bytes read, 5 bits of entropy available)
[    3.130227] random: udevadm: uninitialized urandom read (16 bytes read, 5 bits of entropy available)
[    3.130340] random: udevadm: uninitialized urandom read (16 bytes read, 5 bits of entropy available)
[    3.130450] random: udevadm: uninitialized urandom read (16 bytes read, 5 bits of entropy available)
[    3.130559] random: udevadm: uninitialized urandom read (16 bytes read, 5 bits of entropy available)
[    3.229502] e1000: Intel(R) PRO/1000 Network Driver - version 7.3.21-k8-NAPI
[    3.233650] e1000: Copyright (c) 1999-2006 Intel Corporation.
[    3.237486] Fusion MPT base driver 3.04.20
[    3.240710] Copyright (c) 1999-2008 LSI Corporation
[    3.288577] AVX2 version of gcm_enc/dec engaged.
[    3.293491] AES CTR mode by8 optimization enabled
[    3.300303] Fusion MPT SPI Host driver 3.04.20
[    3.469130] input: ImExPS/2 Generic Explorer Mouse as /devices/platform/i8042/serio1/input/input4
[    3.998141] e1000 0000:00:03.0 eth0: (PCI:33MHz:32-bit) 02:0e:0c:9a:00:f0
[    4.001864] e1000 0000:00:03.0 eth0: Intel(R) PRO/1000 Network Connection
[    4.008615] mptbase: ioc0: Initiating bringup
[    4.010270] e1000 0000:00:03.0 enp0s3: renamed from eth0
[    4.417544] ioc0: LSI53C1030 A0: Capabilities={Initiator}
[    6.498491] scsi host2: ioc0: LSI53C1030 A0, FwRev=00000000h, Ports=1, MaxQ=256, IRQ=20
[    7.967958] scsi 2:0:0:0: Direct-Access     VBOX     HARDDISK         1.0  PQ: 0 ANSI: 5
[    7.972003] scsi target2:0:0: Beginning Domain Validation
[    7.978626] scsi target2:0:0: Domain Validation skipping write tests
[    7.981233] scsi target2:0:0: Ending Domain Validation
[    7.983808] scsi target2:0:0: asynchronous
[    8.020162] scsi 2:0:1:0: Direct-Access     VBOX     HARDDISK         1.0  PQ: 0 ANSI: 5
[    8.025476] scsi target2:0:1: Beginning Domain Validation
[    8.031300] scsi target2:0:1: Domain Validation skipping write tests
[    8.034885] scsi target2:0:1: Ending Domain Validation
[    8.038232] scsi target2:0:1: asynchronous
[    8.053345] sd 2:0:0:0: [sda] 20971520 512-byte logical blocks: (10.7 GB/10.0 GiB)
[    8.059066] sd 2:0:0:0: Attached scsi generic sg0 type 0
[    8.062223] sd 2:0:0:0: [sda] Write Protect is off
[    8.065539] sd 2:0:0:0: [sda] Incomplete mode parameter data
[    8.068814] sd 2:0:0:0: [sda] Assuming drive cache: write through
[    8.073492] sd 2:0:1:0: Attached scsi generic sg1 type 0
[    8.074027] sd 2:0:1:0: [sdb] 20480 512-byte logical blocks: (10.5 MB/10.0 MiB)
[    8.074384] sd 2:0:1:0: [sdb] Write Protect is off
[    8.074652] sd 2:0:1:0: [sdb] Incomplete mode parameter data
[    8.074657] sd 2:0:1:0: [sdb] Assuming drive cache: write through
[    8.112990]  sda: sda1
[    8.115554] sd 2:0:0:0: [sda] Attached SCSI disk
[    8.132148] sd 2:0:1:0: [sdb] Attached SCSI disk
Begin: Loading essential drivers ... [   10.387493] md: linear personality registered for level -1
[   10.395226] md: multipath personality registered for level -4
[   10.402426] md: raid0 personality registered for level 0
[   10.413928] md: raid1 personality registered for level 1
[   10.490317] raid6: sse2x1   gen()  2241 MB/s
[   10.557769] raid6: sse2x1   xor()  1243 MB/s
[   10.626468] raid6: sse2x2   gen()  3279 MB/s
[   10.693868] raid6: sse2x2   xor()  2549 MB/s
[   10.765819] raid6: sse2x4   gen()  5579 MB/s
[   10.833925] raid6: sse2x4   xor()  3233 MB/s
[   10.901763] raid6: avx2x1   gen()  4906 MB/s
[   10.969789] raid6: avx2x2   gen()  8175 MB/s
[   11.038128] raid6: avx2x4   gen()  9086 MB/s
[   11.042045] raid6: using algorithm avx2x4 gen() 9086 MB/s
[   11.045444] raid6: using avx2x2 recovery algorithm
[   11.051252] xor: automatically using best checksumming function:
[   11.094164]    avx       : 14205.000 MB/sec
[   11.103567] async_tx: api initialized (async)
[   11.137649] md: raid6 personality registered for level 6
[   11.141334] md: raid5 personality registered for level 5
[   11.144383] md: raid4 personality registered for level 4
[   11.164573] md: raid10 personality registered for level 10
done.
Begin: Running /scripts/init-premount ... done.
Begin: Mounting root file system ... Begin: Running /scripts/local-top ... done.
Begin: Running /scripts/local-premount ... [   11.249999] Btrfs loaded
Scanning for Btrfs filesystems
done.
Warning: fsck not present, so skipping root file system
[   11.328025] EXT4-fs (sda1): mounted filesystem with ordered data mode. Opts: (null)
done.
Begin: Running /scripts/local-bottom ... done.
Begin: Running /scripts/init-bottom ... done.
[   11.985509] random: nonblocking pool is initialized
[   12.183497] systemd[1]: systemd 229 running in system mode. (+PAM +AUDIT +SELINUX +IMA +APPARMOR +SMACK +SYSVINIT +UTMP +LIBCRYPTSETUP +GCRYPT +GNUTLS +ACL +XZ -LZ4 +SECCOMP +BLKID +ELFUTILS +KMOD -IDN)
[   12.195549] systemd[1]: Detected virtualization oracle.
[   12.198905] systemd[1]: Detected architecture x86-64.

Welcome to [1mUbuntu 16.04.6 LTS[0m!

[   12.234600] systemd[1]: Set hostname to <ubuntu>.
[   12.281474] systemd[1]: Initializing machine ID from random generator.
[   12.284760] systemd[1]: Installed transient /etc/machine-id file.
[   13.584054] systemd[1]: Listening on Journal Socket (/dev/log).
[[0;32m  OK  [0m] Listening on Journal Socket (/dev/log).
[   13.594486] systemd[1]: Reached target Encrypted Volumes.
[[0;32m  OK  [0m] Reached target Encrypted Volumes.
[   13.599316] systemd[1]: Created slice User and Session Slice.
[[0;32m  OK  [0m] Created slice User and Session Slice.
[   13.603366] systemd[1]: Listening on /dev/initctl Compatibility Named Pipe.
[[0;32m  OK  [0m] Listening on /dev/initctl Compatibility Named Pipe.
[   13.609342] systemd[1]: Reached target System Time Synchronized.
[[0;32m  OK  [0m] Reached target System Time Synchronized.
[   13.613798] systemd[1]: Listening on Journal Socket.
[[0;32m  OK  [0m] Listening on Journal Socket.
[   13.621366] systemd[1]: Set up automount Arbitrary Executable File Formats File System Automount Point.
[[0;32m  OK  [0m] Set up automount Arbitrary Executab...ats File System Automount Point.
[   13.631015] systemd[1]: Listening on Journal Audit Socket.
[[0;32m  OK  [0m] Listening on Journal Audit Socket.
[   13.634861] systemd[1]: Started Forward Password Requests to Wall Directory Watch.
[[0;32m  OK  [0m] Started Forward Password Requests to Wall Directory Watch.
[   13.641555] systemd[1]: Started Trigger resolvconf update for networkd DNS.
[[0;32m  OK  [0m] Started Trigger resolvconf update for networkd DNS.
[   13.646523] systemd[1]: Listening on udev Kernel Socket.
[[0;32m  OK  [0m] Listening on udev Kernel Socket.
[   13.651906] systemd[1]: Listening on LVM2 poll daemon socket.
[[0;32m  OK  [0m] Listening on LVM2 poll daemon socket.
[   13.657892] systemd[1]: Reached target User and Group Name Lookups.
[[0;32m  OK  [0m] Reached target User and Group Name Lookups.
[   13.662921] systemd[1]: Created slice System Slice.
[[0;32m  OK  [0m] Created slice System Slice.
[   13.686461] systemd[1]: Starting Uncomplicated firewall...
         Starting Uncomplicated firewall...
[   13.691491] systemd[1]: Reached target Slices.
[[0;32m  OK  [0m] Reached target Slices.
[   13.696350] systemd[1]: Created slice system-serial\x2dgetty.slice.
[[0;32m  OK  [0m] Created slice system-serial\x2dgetty.slice.
[   13.702300] systemd[1]: Starting Remount Root and Kernel File Systems...
         Starting Remount Root and Kernel File Systems...
[   13.770151] systemd[1]: Starting Load Kernel Modules...
         Starting Load Kernel Modules...
[   13.778230] systemd[1]: Mounting POSIX Message Queue File System...
         Mounting POSIX Message Queue File System...
[   13.785102] systemd[1]: Starting Nameserver information manager...
         Starting Nameserver information manager...
[   13.794305] systemd[1]: Mounting Huge Pages File System...
[   13.798509] EXT4-fs (sda1): re-mounted. Opts: (null)
         Mounting Huge Pages File System...
[   13.811741] systemd[1]: Starting Set console keymap...
         Starting Set console keymap...
[   13.826209] systemd[1]: Reached target Swap.
[[0;32m  OK  [0m] Reached target Swap.
[   13.838218] systemd[1]: Mounting Debug File System...
         Mounting Debug File System...
[   13.842936] systemd[1]: Listening on udev Control Socket.
[[0;32m  OK  [0m] Listening on udev Control Socket.
[   13.848148] systemd[1]: Starting Create list of required static device nodes for the current kernel...
         Starting Create list of required st... nodes for the current kernel...
[   13.855908] systemd[1]: Listening on LVM2 metadata daemon socket.
[[0;32m  OK  [0m] Listening on LVM2 metadata daemon socket.
[   13.861163] systemd[1]: Listening on Syslog Socket.
[[0;32m  OK  [0m] Listening on Syslog Socket.
[   13.876509] Loading iSCSI transport class v2.0-870.
[   13.886526] systemd[1]: Starting Journal Service...
         Starting Journal Service...
[   13.891960] systemd[1]: Listening on Device-mapper event daemon FIFOs.
[[0;32m  OK  [0m] Listening on Device-mapper event daemon FIFOs.
[   13.899337] systemd[1]: Starting Monitoring of LVM2 mirrors, snapshots etc. using dmeventd or progress polling...
         Starting Monitoring of LVM2 mirrors... dmeventd or progress polling...
[   13.912699] systemd[1]: Mounted Debug File System.
[[0;32m  OK  [0m] Mounted Debug File System.
[   13.916340] systemd[1]: Mounted Huge Pages File System.
[[0;32m  OK  [0m] Mounted Huge Pages File System.
[   13.920929] systemd[1]: Mounted POSIX Message Queue File System.
[[0;32m  OK  [0m] Mounted POSIX Message Queue File System.
[   13.927764] systemd[1]: Started Uncomplicated firewall.
[[0;32m  OK  [0m] Started Uncomplicated firewall.
[   13.932304] systemd[1]: Started Remount Root and Kernel File Systems.
[[0;32m  OK  [0m] Started Remount Root and Kernel File Systems.
[   13.986605] systemd[1]: Starting udev Coldplug all Devices...
         Starting udev Coldplug all Devices...
[   13.993670] systemd[1]: Starting Load/Save Random Seed...
         Starting Load/Save Random Seed...
[   13.999638] systemd[1]: Started Create list of required static device nodes for the current kernel.
[[0;32m  OK  [0m] Started Create list of required sta...ce nodes for the current kernel.
[   14.009168] systemd[1]: Starting Create Static Device Nodes in /dev...
         Starting Create Static Device Nodes in /dev...
[   14.016894] systemd[1]: Started Nameserver information manager.
[[0;32m  OK  [0m] Started Nameserver information manager.
[   14.072569] iscsi: registered transport (tcp)
[   14.216246] systemd[1]: Started Load/Save Random Seed.
[[0;32m  OK  [0m] Started Load/Save Random Seed.
[   14.404427] systemd[1]: Started udev Coldplug all Devices.
[[0;32m  OK  [0m] Started udev Coldplug all Devices.
[   14.426460] systemd[1]: Started Set console keymap.
[[0;32m  OK  [0m] Started Set console keymap.
[   14.478808] iscsi: registered transport (iser)
[   14.482422] systemd[1]: Started Load Kernel Modules.
[[0;32m  OK  [0m] Started Load Kernel Modules.
[   14.498097] systemd[1]: Starting Apply Kernel Variables...
         Starting Apply Kernel Variables...
[   14.505214] systemd[1]: Mounting FUSE Control File System...
         Mounting FUSE Control File System...
[   14.525579] systemd[1]: Mounted FUSE Control File System.
[[0;32m  OK  [0m] Mounted FUSE Control File System.
[   14.531392] systemd[1]: Started Journal Service.
[[0;32m  OK  [0m] Started Journal Service.
         Starting Flush Journal to Persistent Storage...
[   14.708890] systemd-journald[390]: Received request to flush runtime journal from PID 1
[[0;32m  OK  [0m] Started Flush Journal to Persistent Storage.
[[0;32m  OK  [0m] Started LVM2 metadata daemon.
[[0;32m  OK  [0m] Started Apply Kernel Variables.
[[0;32m  OK  [0m] Started Create Static Device Nodes in /dev.
         Starting udev Kernel Device Manager...
[[0;32m  OK  [0m] Started Monitoring of LVM2 mirrors,...ng dmeventd or progress polling.
[[0;32m  OK  [0m] Reached target Local File Systems (Pre).
[[0;32m  OK  [0m] Reached target Local File Systems.
         Starting Commit a transient machine-id on disk...
         Starting Create Volatile Files and Directories...
         Starting Set console font and keymap...
         Starting Tell Plymouth To Write Out Runtime Data...
         Starting Initial cloud-init job (pre-networking)...
         Starting LSB: AppArmor initialization...
[[0;32m  OK  [0m] Started Commit a transient machine-id on disk.
[[0;32m  OK  [0m] Started Tell Plymouth To Write Out Runtime Data.
[[0;32m  OK  [0m] Started Create Volatile Files and Directories.
         Starting Update UTMP about System Boot/Shutdown...
[[0;32m  OK  [0m] Started Update UTMP about System Boot/Shutdown.
[[0;32m  OK  [0m] Started udev Kernel Device Manager.
[[0;32m  OK  [0m] Started Dispatch Password Requests to Console Directory Watch.
[[0;32m  OK  [0m] Found device /dev/ttyS0.
[[0;32m  OK  [0m] Listening on Load/Save RF Kill Switch Status /dev/rfkill Watch.
[[0;32m  OK  [0m] Started LSB: AppArmor initialization.
[[0;32m  OK  [0m] Started Set console font and keymap.
[[0;32m  OK  [0m] Created slice system-getty.slice.
[   23.725477] cloud-init[473]: Cloud-init v. 19.4-33-gbb4131a2-0ubuntu1~16.04.1 running 'init-local' at Tue, 03 Mar 2020 11:36:53 +0000. Up 22.84 seconds.
[[0;32m  OK  [0m] Started Initial cloud-init job (pre-networking).
[[0;32m  OK  [0m] Reached target Network (Pre).
         Starting Raise network interfaces...
[[0;32m  OK  [0m] Started Raise network interfaces.
[[0;32m  OK  [0m] Reached target Network.
         Starting Initial cloud-init job (metadata service crawler)...
[   27.707431] cloud-init[949]: Cloud-init v. 19.4-33-gbb4131a2-0ubuntu1~16.04.1 running 'init' at Tue, 03 Mar 2020 11:36:55 +0000. Up 25.17 seconds.
[   27.719966] cloud-init[949]: ci-info: ++++++++++++++++++++++++++++++++++++Net device info++++++++++++++++++++++++++++++++++++
[   27.724265] cloud-init[949]: ci-info: +--------+------+------------------------+---------------+--------+-------------------+
[   27.728130] cloud-init[949]: ci-info: | Device |  Up  |        Address         |      Mask     | Scope  |     Hw-Address    |
[   27.733704] cloud-init[949]: ci-info: +--------+------+------------------------+---------------+--------+-------------------+
[   27.738219] cloud-init[949]: ci-info: | enp0s3 | True |       10.0.2.15        | 255.255.255.0 | global | 02:0e:0c:9a:00:f0 |
[   27.741933] cloud-init[949]: ci-info: | enp0s3 | True | fe80::e:cff:fe9a:f0/64 |       .       |  link  | 02:0e:0c:9a:00:f0 |
[   27.753200] cloud-init[949]: ci-info: |   lo   | True |       127.0.0.1        |   255.0.0.0   |  host  |         .         |
[   27.756947] cloud-init[949]: ci-info: |   lo   | True |        ::1/128         |       .       |  host  |         .         |
[   27.763130] cloud-init[949]: ci-info: +--------+------+------------------------+---------------+--------+-------------------+
[   27.770333] cloud-init[949]: ci-info: +++++++++++++++++++++++++++Route IPv4 info++++++++++++++++++++++++++++
[   27.773948] cloud-init[949]: ci-info: +-------+-------------+----------+---------------+-----------+-------+
[   27.777484] cloud-init[949]: ci-info: | Route | Destination | Gateway  |    Genmask    | Interface | Flags |
[   27.783179] cloud-init[949]: ci-info: +-------+-------------+----------+---------------+-----------+-------+
[   27.787129] cloud-init[949]: ci-info: |   0   |   0.0.0.0   | 10.0.2.2 |    0.0.0.0    |   enp0s3  |   UG  |
[   27.790986] cloud-init[949]: ci-info: |   1   |   10.0.2.0  | 0.0.0.0  | 255.255.255.0 |   enp0s3  |   U   |
[   27.794948] cloud-init[949]: ci-info: +-------+-------------+----------+---------------+-----------+-------+
[   27.800967] cloud-init[949]: ci-info: +++++++++++++++++++Route IPv6 info+++++++++++++++++++
[   27.804673] cloud-init[949]: ci-info: +-------+-------------+---------+-----------+-------+
[   27.808202] cloud-init[949]: ci-info: | Route | Destination | Gateway | Interface | Flags |
[   27.812078] cloud-init[949]: ci-info: +-------+-------------+---------+-----------+-------+
[   27.821590] cloud-init[949]: ci-info: |   0   |  fe80::/64  |    ::   |   enp0s3  |   U   |
[   27.829425] cloud-init[949]: ci-info: |   3   |   ff00::/8  |    ::   |   enp0s3  |   U   |
[   27.833908] cloud-init[949]: ci-info: +-------+-------------+---------+-----------+-------+
[   27.844769] cloud-init[949]: Generating public/private rsa key pair.
[   27.848374] cloud-init[949]: Your identification has been saved in /etc/ssh/ssh_host_rsa_key.
[   27.851546] cloud-init[949]: Your public key has been saved in /etc/ssh/ssh_host_rsa_key.pub.
[   27.855064] cloud-init[949]: The key fingerprint is:
[   27.857514] cloud-init[949]: SHA256:WIRgwuIYQ4OATZXOdmpow2a6nqj4NAQNSfRJYfU5Exk root@ubuntu-xenial
[   27.861118] cloud-init[949]: The key's randomart image is:
[   27.865627] cloud-init[949]: +---[RSA 2048]----+
[   27.873255] cloud-init[949]: |XXo=*+ E+        |
[   27.875737] cloud-init[949]: |BoBoo ooo        |
[   27.878275] cloud-init[949]: |++.=   =.        |
[   27.880983] cloud-init[949]: |.o  + .oo        |
[   27.883526] cloud-init[949]: | ..o o. S        |
[   27.885521] cloud-init[949]: | .B o            |
[   27.892596] cloud-init[949]: | =oo             |
[   27.894234] cloud-init[949]: |+...             |
[   27.896370] cloud-init[949]: |B=.              |
[   27.904804] cloud-init[949]: +----[SHA256]-----+
[   27.906833] cloud-init[949]: Generating public/private dsa key pair.
[   27.907195] cloud-init[949]: Your identification has been saved in /etc/ssh/ssh_host_dsa_key.
[   27.909970] cloud-init[949]: Your public key has been saved in /etc/ssh/ssh_host_dsa_key.pub.
[   27.910945] cloud-init[949]: The key fingerprint is:
[   27.911938] cloud-init[949]: SHA256:wDKXLlUULkFGtJVlhg2mfTvL9biTNSeRxUAUGMOH6w8 root@ubuntu-xenial
[   27.913926] cloud-init[949]: The key's randomart image is:
[   27.915278] cloud-init[949]: +---[DSA 1024]----+
[[0;32m  OK  [0m] Started Initial cloud-init job (metadata service crawler).
[   27.916857] cloud-init[949]: |     +*.BB+.o*=+ |
[   27.924236] cloud-init[949]: |     o @oo. +.. o|
[   27.924940] cloud-init[949]: |    o X o .  o o |
[   27.926666] cloud-init[949]: |     * o . .. o  |
[   27.927690] cloud-init[949]: |    . . S o..  . |
[   27.929082] cloud-init[949]: |     .   . +Eo+ .|
[   27.932851] cloud-init[949]: |          o .=.+ |
[   27.934413] cloud-init[949]: |            o..  |
[   27.935295] cloud-init[949]: |            ..   |
[   27.936528] cloud-init[949]: +----[SHA256]-----+
[   27.937500] cloud-init[949]: Generating public/private ecdsa key pair.
[   27.938334] cloud-init[949]: Your identification has been saved in /etc/ssh/ssh_host_ecdsa_key.
[   27.939210] cloud-init[949]: Your public key has been saved in /etc/ssh/ssh_host_ecdsa_key.pub.
[   27.940561] cloud-init[949]: The key fingerprint is:
[   27.941936] cloud-init[949]: SHA256:Oufc1JoFjjHksIADjVCd+106wWyvALp7iJBmyk9eAhs root@ubuntu-xenial
[   27.942840] cloud-init[949]: The key's randomart image is:
[   27.943717] cloud-init[949]: +---[ECDSA 256]---+
[   27.948888] cloud-init[949]: |++.. .           |
[   27.951476] cloud-init[949]: |....o            |
[   27.953099] cloud-init[949]: |  o ...o.        |
[   27.955797] cloud-init[949]: |   .o. == .      |
[   27.958053] cloud-init[949]: | E . o.oS=.      |
[   27.961401] cloud-init[949]: |oo=   o.+=.o     |
[   27.962380] cloud-init[949]: |*o = .o.ooo o    |
[   27.965198] cloud-init[949]: |o.= +  =.o +     |
[   27.965629] cloud-init[949]: |  o=    o +      |
[[0;32m  OK  [0m] Reached target System Initialization.
[   27.966505] cloud-init[949]: +----[SHA256]-----+
[   27.969890] cloud-init[949]: Generating public/private ed25519 key pair.
[   27.971307] cloud-init[949]: Your identification has been saved in /etc/ssh/ssh_host_ed25519_key.
[   27.972553] cloud-init[949]: Your public key has been saved in /etc/ssh/ssh_host_ed25519_key.pub.
[   27.973526] cloud-init[949]: The key fingerprint is:
[   27.974482] cloud-init[949]: SHA256:Rdxx08eCbzlUeda7FZBXgvtTwm+F49PZQsokcpQvab0 root@ubuntu-xenial
[   27.975755] cloud-init[949]: The key's randomart image is:
[   27.977058] cloud-init[949]: +--[ED25519 256]--+
[   27.978021] cloud-init[949]: |         ..o.=*+*|
[   27.978989] cloud-init[949]: |         .+ +oo*B|
[   27.979266] cloud-init[949]: |         ..+ =.==|
[   27.979410] cloud-init[949]: |        ..* = @.+|
[   27.979540] cloud-init[949]: |        S+ = B B*|
[   27.979670] cloud-init[949]: |            E *o=|
[   27.980852] cloud-init[949]: |               = |
[   27.984550] cloud-init[949]: |                 |
[   27.987099] cloud-init[949]: |                 |
[   27.989005] cloud-init[949]: +----[SHA256]-----+
[[0;32m  OK  [0m] Listening on D-Bus System Message Bus Socket.
[[0;32m  OK  [0m] Listening on UUID daemon activation socket.
         Starting Socket activation for snappy daemon.
[[0;32m  OK  [0m] Started Message of the Day.
         Starting LXD - unix socket.
[[0;32m  OK  [0m] Started Daily apt download activities.
[[0;32m  OK  [0m] Started Daily apt upgrade and clean activities.
[[0;32m  OK  [0m] Started Daily Cleanup of Temporary Directories.
[[0;32m  OK  [0m] Reached target Timers.
[[0;32m  OK  [0m] Started ACPI Events Check.
[[0;32m  OK  [0m] Reached target Paths.
[[0;32m  OK  [0m] Listening on ACPID Listen Socket.
[[0;32m  OK  [0m] Reached target Cloud-config availability.
[[0;32m  OK  [0m] Reached target Network is Online.
         Starting iSCSI initiator daemon (iscsid)...
[[0;32m  OK  [0m] Listening on Socket activation for snappy daemon.
[[0;32m  OK  [0m] Listening on LXD - unix socket.
[[0;32m  OK  [0m] Reached target Sockets.
[[0;32m  OK  [0m] Reached target Basic System.
         Starting System Logging Service...
[[0;32m  OK  [0m] Started Deferred execution scheduler.
         Starting Pollinate to seed the pseudo random number generator...
         Starting Virtualbox guest utils...
[[0;32m  OK  [0m] Started ACPI event daemon.
         Starting LXD - container startup/shutdown...
         Starting LSB: Record successful boot for GRUB...
         Starting Accounts Service...
[[0;32m  OK  [0m] Started D-Bus System Message Bus.
         Starting LSB: MD monitoring daemon...
         Starting Login Service...
         Starting Snappy daemon...
[[0;32m  OK  [0m] Started Regular background program processing daemon.
         Starting /etc/rc.local Compatibility...
[[0;32m  OK  [0m] Started FUSE filesystem for LXC.
[[0;32m  OK  [0m] Started System Logging Service.
[[0;32m  OK  [0m] Started /etc/rc.local Compatibility.
[[0;32m  OK  [0m] Started iSCSI initiator daemon (iscsid).
         Starting Login to default iSCSI targets...
[[0;32m  OK  [0m] Started LSB: Record successful boot for GRUB.
         Starting Authenticate and Authorize Users to Run Privileged Tasks...
[[0;32m  OK  [0m] Started Login Service.
[[0;32m  OK  [0m] Started Unattended Upgrades Shutdown.
[[0;32m  OK  [0m] Started Login to default iSCSI targets.
[[0;32m  OK  [0m] Reached target Remote File Systems (Pre).
[[0;32m  OK  [0m] Reached target Remote File Systems.
         Starting LSB: automatic crash report generation...
         Starting LSB: daemon to balance interrupts for SMP systems...
         Starting Permit User Sessions...
         Starting LSB: Set the CPU Frequency Scaling governor to "ondemand"...
[[0;32m  OK  [0m] Started LSB: Set the CPU Frequency Scaling governor to "ondemand".
[[0;32m  OK  [0m] Started LSB: MD monitoring daemon.
[[0;32m  OK  [0m] Started Permit User Sessions.
         Starting Hold until boot process finishes up...
         Starting Terminate Plymouth Boot Screen...
[[0;32m  OK  [0m] Started Hold until boot process finishes up.
[[0;32m  OK  [0m] Started Serial Getty on ttyS0.
[[0;32m  OK  [0m] Started Getty on tty1.
[[0;32m  OK  [0m] Reached target Login Prompts.
         Starting Set console scheme...
[[0;32m  OK  [0m] Started Terminate Plymouth Boot Screen.
[[0;32m  OK  [0m] Started LSB: automatic crash report generation.
[[0;32m  OK  [0m] Started Set console scheme.
[[0;32m  OK  [0m] Started LSB: daemon to balance interrupts for SMP systems.
[[0;32m  OK  [0m] Started Virtualbox guest utils.
[[0;32m  OK  [0m] Started Authenticate and Authorize Users to Run Privileged Tasks.
[[0;32m  OK  [0m] Started Accounts Service.
[[0;32m  OK  [0m] Started Pollinate to seed the pseudo random number generator.
         Starting OpenBSD Secure Shell server...
[[0;32m  OK  [0m] Started OpenBSD Secure Shell server.
[[0;32m  OK  [0m] Started LXD - container startup/shutdown.
[[0;32m  OK  [0m] Created slice User Slice of vagrant.
         Starting User Manager for UID 1000...
[[0;32m  OK  [0m] Started Session 1 of user vagrant.
[[0;32m  OK  [0m] Started User Manager for UID 1000.
[[0;32m  OK  [0m] Started Snappy daemon.
         Starting Wait until snapd is fully seeded...

Ubuntu 16.04.6 LTS ubuntu-xenial ttyS0

ubuntu-xenial login: [   39.735793] cloud-init[1385]: Generating locales (this might take a while)...
[   43.175771] cloud-init[1385]:   en_US.UTF-8... done
[   43.176776] cloud-init[1385]: Generation complete.
[   44.454815] cloud-init[1385]: Cloud-init v. 19.4-33-gbb4131a2-0ubuntu1~16.04.1 running 'modules:config' at Tue, 03 Mar 2020 11:37:10 +0000. Up 39.32 seconds.
ci-info: no authorized SSH keys fingerprints found for user ubuntu.
<14>Mar  3 11:37:16 ec2: 
<14>Mar  3 11:37:16 ec2: #############################################################
<14>Mar  3 11:37:16 ec2: -----BEGIN SSH HOST KEY FINGERPRINTS-----
<14>Mar  3 11:37:16 ec2: 1024 SHA256:wDKXLlUULkFGtJVlhg2mfTvL9biTNSeRxUAUGMOH6w8 root@ubuntu-xenial (DSA)
<14>Mar  3 11:37:16 ec2: 256 SHA256:Oufc1JoFjjHksIADjVCd+106wWyvALp7iJBmyk9eAhs root@ubuntu-xenial (ECDSA)
<14>Mar  3 11:37:16 ec2: 256 SHA256:Rdxx08eCbzlUeda7FZBXgvtTwm+F49PZQsokcpQvab0 root@ubuntu-xenial (ED25519)
<14>Mar  3 11:37:16 ec2: 2048 SHA256:WIRgwuIYQ4OATZXOdmpow2a6nqj4NAQNSfRJYfU5Exk root@ubuntu-xenial (RSA)
<14>Mar  3 11:37:16 ec2: -----END SSH HOST KEY FINGERPRINTS-----
<14>Mar  3 11:37:16 ec2: #############################################################
-----BEGIN SSH HOST KEY KEYS-----
ecdsa-sha2-nistp256 AAAAE2VjZHNhLXNoYTItbmlzdHAyNTYAAAAIbmlzdHAyNTYAAABBBGp4ME2SU+mRD3kp9gxt4WhkCX7jYEvecSpwDlomKSnma0Sbo+rDh9w49LBC2pQSeZEteEsC2PuXxonVk/XNO/w= root@ubuntu-xenial
ssh-ed25519 AAAAC3NzaC1lZDI1NTE5AAAAIF4g6BIP5iY+u+lQGE0L+i5IGzGJ0t3M7PLlOxi1Kli9 root@ubuntu-xenial
ssh-rsa AAAAB3NzaC1yc2EAAAADAQABAAABAQDeZhcXs1RWUgYZf/tPGpzLm8x25Yx87eM/get4LzAFS5Va+ITColf01L0oI8rHLKOIxFncGAr0OWzh3yWCNemS5hE/j8hj20K3G7eY47AzeLaF8NChnCbCRV4HXdgPaVTkGAOMlQkyPEIXSWVNc5QeJaLGG1ZZZX+bMJ8LfEaKo7RPp2I6n/wFIz+0WrBFEXkzWkeGAdZD3FWieq5MhCAsiMtN7iZThKocQKhDrkHY+gjBi2/hYQOgS6c8wMmYJQTpnvuAg7e7H9yGRjfZDZ8iAZ1Ac10d127BUHvkb6U1BvENPcSA5cfwbYsLHTPyi12Bu62VrZx227YdeWK9t3eJ root@ubuntu-xenial
-----END SSH HOST KEY KEYS-----
[   45.949758] cloud-init[1628]: Cloud-init v. 19.4-33-gbb4131a2-0ubuntu1~16.04.1 running 'modules:final' at Tue, 03 Mar 2020 11:37:16 +0000. Up 45.38 seconds.
[   45.950095] cloud-init[1628]: ci-info: no authorized SSH keys fingerprints found for user ubuntu.
[   45.954544] cloud-init[1628]: Cloud-init v. 19.4-33-gbb4131a2-0ubuntu1~16.04.1 finished at Tue, 03 Mar 2020 11:37:16 +0000. Datasource DataSourceNoCloud [seed=/dev/sdb][dsmode=net].  Up 45.91 seconds
